   Building mi-crow @ file:///mnt/evafs/groups/mi2lab/akaniasty/Mi-Crow
      Built mi-crow @ file:///mnt/evafs/groups/mi2lab/akaniasty/Mi-Crow
Uninstalled 1 package in 18ms
Installed 1 package in 18ms
2026-01-10 00:31:07,556 [INFO] __main__: üöÄ Starting Activation Saving
00:31:07 [INFO] __main__: üöÄ Starting Activation Saving
2026-01-10 00:31:07,558 [INFO] __main__: üì± Using device: cpu
00:31:07 [INFO] __main__: üì± Using device: cpu
2026-01-10 00:31:07,558 [INFO] __main__: üîß Model: speakleash/Bielik-1.5B-v3.0-Instruct
00:31:07 [INFO] __main__: üîß Model: speakleash/Bielik-1.5B-v3.0-Instruct
2026-01-10 00:31:07,558 [INFO] __main__: üìä Dataset: clarin-pl/polemo2-official
00:31:07 [INFO] __main__: üìä Dataset: clarin-pl/polemo2-official
2026-01-10 00:31:07,558 [INFO] __main__: üìä Data limit: 2000
00:31:07 [INFO] __main__: üìä Data limit: 2000
2026-01-10 00:31:07,558 [INFO] __main__: üíæ Run ID: bielik12_polemo2_layer12_3epochs
00:31:07 [INFO] __main__: üíæ Run ID: bielik12_polemo2_layer12_3epochs
2026-01-10 00:31:07,558 [INFO] __main__: üìÅ Store directory: /mnt/evafs/groups/mi2lab/akaniasty/Mi-Crow/experiments/slurm_sae_pipeline/store
00:31:07 [INFO] __main__: üìÅ Store directory: /mnt/evafs/groups/mi2lab/akaniasty/Mi-Crow/experiments/slurm_sae_pipeline/store
2026-01-10 00:31:07,559 [INFO] __main__: üéØ Target layer: llamaforcausallm_model_layers_12_post_attention_layernorm
00:31:07 [INFO] __main__: üéØ Target layer: llamaforcausallm_model_layers_12_post_attention_layernorm
2026-01-10 00:31:07,559 [INFO] __main__: üì• Loading language model...
00:31:07 [INFO] __main__: üì• Loading language model...
Traceback (most recent call last):
  File "/mnt/evafs/groups/mi2lab/akaniasty/Mi-Crow/.venv/lib/python3.12/site-packages/huggingface_hub/utils/_http.py", line 402, in hf_raise_for_status
    response.raise_for_status()
  File "/mnt/evafs/groups/mi2lab/akaniasty/Mi-Crow/.venv/lib/python3.12/site-packages/requests/models.py", line 1026, in raise_for_status
    raise HTTPError(http_error_msg, response=self)
requests.exceptions.HTTPError: 401 Client Error: Unauthorized for url: https://huggingface.co/speakleash/Bielik-1.5B-v3.0-Instruct/resolve/main/config.json

The above exception was the direct cause of the following exception:

Traceback (most recent call last):
  File "/mnt/evafs/groups/mi2lab/akaniasty/Mi-Crow/.venv/lib/python3.12/site-packages/transformers/utils/hub.py", line 479, in cached_files
    hf_hub_download(
  File "/mnt/evafs/groups/mi2lab/akaniasty/Mi-Crow/.venv/lib/python3.12/site-packages/huggingface_hub/utils/_validators.py", line 114, in _inner_fn
    return fn(*args, **kwargs)
           ^^^^^^^^^^^^^^^^^^^
  File "/mnt/evafs/groups/mi2lab/akaniasty/Mi-Crow/.venv/lib/python3.12/site-packages/huggingface_hub/file_download.py", line 1007, in hf_hub_download
    return _hf_hub_download_to_cache_dir(
           ^^^^^^^^^^^^^^^^^^^^^^^^^^^^^^
  File "/mnt/evafs/groups/mi2lab/akaniasty/Mi-Crow/.venv/lib/python3.12/site-packages/huggingface_hub/file_download.py", line 1114, in _hf_hub_download_to_cache_dir
    _raise_on_head_call_error(head_call_error, force_download, local_files_only)
  File "/mnt/evafs/groups/mi2lab/akaniasty/Mi-Crow/.venv/lib/python3.12/site-packages/huggingface_hub/file_download.py", line 1655, in _raise_on_head_call_error
    raise head_call_error
  File "/mnt/evafs/groups/mi2lab/akaniasty/Mi-Crow/.venv/lib/python3.12/site-packages/huggingface_hub/file_download.py", line 1543, in _get_metadata_or_catch_error
    metadata = get_hf_file_metadata(
               ^^^^^^^^^^^^^^^^^^^^^
  File "/mnt/evafs/groups/mi2lab/akaniasty/Mi-Crow/.venv/lib/python3.12/site-packages/huggingface_hub/utils/_validators.py", line 114, in _inner_fn
    return fn(*args, **kwargs)
           ^^^^^^^^^^^^^^^^^^^
  File "/mnt/evafs/groups/mi2lab/akaniasty/Mi-Crow/.venv/lib/python3.12/site-packages/huggingface_hub/file_download.py", line 1460, in get_hf_file_metadata
    r = _request_wrapper(
        ^^^^^^^^^^^^^^^^^
  File "/mnt/evafs/groups/mi2lab/akaniasty/Mi-Crow/.venv/lib/python3.12/site-packages/huggingface_hub/file_download.py", line 283, in _request_wrapper
    response = _request_wrapper(
               ^^^^^^^^^^^^^^^^^
  File "/mnt/evafs/groups/mi2lab/akaniasty/Mi-Crow/.venv/lib/python3.12/site-packages/huggingface_hub/file_download.py", line 307, in _request_wrapper
    hf_raise_for_status(response)
  File "/mnt/evafs/groups/mi2lab/akaniasty/Mi-Crow/.venv/lib/python3.12/site-packages/huggingface_hub/utils/_http.py", line 419, in hf_raise_for_status
    raise _format(GatedRepoError, message, response) from e
huggingface_hub.errors.GatedRepoError: 401 Client Error. (Request ID: Root=1-69618fbb-53580ba8409eb4bd18a7b566;68b82453-c1a7-4264-a17e-317548f25e07)

Cannot access gated repo for url https://huggingface.co/speakleash/Bielik-1.5B-v3.0-Instruct/resolve/main/config.json.
Access to model speakleash/Bielik-1.5B-v3.0-Instruct is restricted. You must have access to it and be authenticated to access it. Please log in.

The above exception was the direct cause of the following exception:

Traceback (most recent call last):
  File "/mnt/evafs/groups/mi2lab/akaniasty/Mi-Crow/src/mi_crow/language_model/initialization.py", line 82, in create_from_huggingface
    tokenizer = AutoTokenizer.from_pretrained(model_name, **tokenizer_params)
                ^^^^^^^^^^^^^^^^^^^^^^^^^^^^^^^^^^^^^^^^^^^^^^^^^^^^^^^^^^^^^
  File "/mnt/evafs/groups/mi2lab/akaniasty/Mi-Crow/.venv/lib/python3.12/site-packages/transformers/models/auto/tokenization_auto.py", line 1109, in from_pretrained
    config = AutoConfig.from_pretrained(
             ^^^^^^^^^^^^^^^^^^^^^^^^^^^
  File "/mnt/evafs/groups/mi2lab/akaniasty/Mi-Crow/.venv/lib/python3.12/site-packages/transformers/models/auto/configuration_auto.py", line 1332, in from_pretrained
    config_dict, unused_kwargs = PretrainedConfig.get_config_dict(pretrained_model_name_or_path, **kwargs)
                                 ^^^^^^^^^^^^^^^^^^^^^^^^^^^^^^^^^^^^^^^^^^^^^^^^^^^^^^^^^^^^^^^^^^^^^^^^^
  File "/mnt/evafs/groups/mi2lab/akaniasty/Mi-Crow/.venv/lib/python3.12/site-packages/transformers/configuration_utils.py", line 662, in get_config_dict
    config_dict, kwargs = cls._get_config_dict(pretrained_model_name_or_path, **kwargs)
                          ^^^^^^^^^^^^^^^^^^^^^^^^^^^^^^^^^^^^^^^^^^^^^^^^^^^^^^^^^^^^^
  File "/mnt/evafs/groups/mi2lab/akaniasty/Mi-Crow/.venv/lib/python3.12/site-packages/transformers/configuration_utils.py", line 721, in _get_config_dict
    resolved_config_file = cached_file(
                           ^^^^^^^^^^^^
  File "/mnt/evafs/groups/mi2lab/akaniasty/Mi-Crow/.venv/lib/python3.12/site-packages/transformers/utils/hub.py", line 322, in cached_file
    file = cached_files(path_or_repo_id=path_or_repo_id, filenames=[filename], **kwargs)
           ^^^^^^^^^^^^^^^^^^^^^^^^^^^^^^^^^^^^^^^^^^^^^^^^^^^^^^^^^^^^^^^^^^^^^^^^^^^^^
  File "/mnt/evafs/groups/mi2lab/akaniasty/Mi-Crow/.venv/lib/python3.12/site-packages/transformers/utils/hub.py", line 543, in cached_files
    raise OSError(
OSError: You are trying to access a gated repo.
Make sure to have access to it at https://huggingface.co/speakleash/Bielik-1.5B-v3.0-Instruct.
401 Client Error. (Request ID: Root=1-69618fbb-53580ba8409eb4bd18a7b566;68b82453-c1a7-4264-a17e-317548f25e07)

Cannot access gated repo for url https://huggingface.co/speakleash/Bielik-1.5B-v3.0-Instruct/resolve/main/config.json.
Access to model speakleash/Bielik-1.5B-v3.0-Instruct is restricted. You must have access to it and be authenticated to access it. Please log in.

The above exception was the direct cause of the following exception:

Traceback (most recent call last):
  File "/mnt/evafs/groups/mi2lab/akaniasty/Mi-Crow/experiments/slurm_sae_pipeline/01_save_activations.py", line 262, in <module>
    main()
  File "/mnt/evafs/groups/mi2lab/akaniasty/Mi-Crow/experiments/slurm_sae_pipeline/01_save_activations.py", line 180, in main
    lm = LanguageModel.from_huggingface(MODEL_ID, store=store)
         ^^^^^^^^^^^^^^^^^^^^^^^^^^^^^^^^^^^^^^^^^^^^^^^^^^^^^
  File "/mnt/evafs/groups/mi2lab/akaniasty/Mi-Crow/src/mi_crow/language_model/language_model.py", line 352, in from_huggingface
    return create_from_huggingface(cls, model_name, store, tokenizer_params, model_params, device)
           ^^^^^^^^^^^^^^^^^^^^^^^^^^^^^^^^^^^^^^^^^^^^^^^^^^^^^^^^^^^^^^^^^^^^^^^^^^^^^^^^^^^^^^^
  File "/mnt/evafs/groups/mi2lab/akaniasty/Mi-Crow/src/mi_crow/language_model/initialization.py", line 85, in create_from_huggingface
    raise RuntimeError(
RuntimeError: Failed to load model 'speakleash/Bielik-1.5B-v3.0-Instruct' from HuggingFace. Error: You are trying to access a gated repo.
Make sure to have access to it at https://huggingface.co/speakleash/Bielik-1.5B-v3.0-Instruct.
401 Client Error. (Request ID: Root=1-69618fbb-53580ba8409eb4bd18a7b566;68b82453-c1a7-4264-a17e-317548f25e07)

Cannot access gated repo for url https://huggingface.co/speakleash/Bielik-1.5B-v3.0-Instruct/resolve/main/config.json.
Access to model speakleash/Bielik-1.5B-v3.0-Instruct is restricted. You must have access to it and be authenticated to access it. Please log in.
